<area shape="rect" href="$party_8h.html" title="party.h" alt="" coords="1009,80,1068,107">
<area shape="rect" href="$Classes_8h.html" title="Classes.h" alt="" coords="651,155,731,181">
<area shape="rect" href="$Utils_8h.html" title="Utils.h" alt="" coords="755,155,813,181">
<area shape="rect" href="$mvt_8h.html" title="mvt.h" alt="" coords="837,155,891,181">
<area shape="rect" href="$LinearStatistic_8h.html" title="LinearStatistic.h" alt="" coords="915,155,1029,181">
<area shape="rect" href="$TestStatistic_8h.html" title="TestStatistic.h" alt="" coords="1053,155,1157,181">
<area shape="rect" href="$Distributions_8h.html" title="Distributions.h" alt="" coords="1181,155,1285,181">
<area shape="rect" href="$Convenience_8h.html" title="Convenience.h" alt="" coords="1309,155,1416,181">
<area shape="rect" href="$S3Classes_8h.html" title="S3Classes.h" alt="" coords="1440,155,1536,181">
<area shape="rect" href="$IndependenceTest_8h.html" title="IndependenceTest.h" alt="" coords="1560,155,1699,181">
<area shape="rect" href="$Splits_8h.html" title="Splits.h" alt="" coords="1723,155,1787,181">
<area shape="rect" href="$Node_8h.html" title="Node.h" alt="" coords="1811,155,1872,181">
<area shape="rect" href="$Predict_8h.html" title="Predict.h" alt="" coords="1896,155,1968,181">
<area shape="rect" href="$SurrogateSplits_8h.html" title="SurrogateSplits.h" alt="" coords="1992,155,2112,181">
<area shape="rect" href="$TreeGrow_8h.html" title="TreeGrow.h" alt="" coords="2136,155,2221,181">
