<area shape="rect" href="$IndependenceTest_8c.html#e64c8d91a58113cee43788dc1663d645" title="C_IndependenceTest" alt="" coords="197,411,341,437">
<area shape="rect" href="$Convenience_8c.html#8d5dcca68051449e29f3b857d375c4a0" title="C_LinStatExpCov" alt="" coords="409,81,532,108">
<area shape="rect" href="$Convenience_8c.html#f39bdd14f23726fdd6bf74888ffbf920" title="C_LinStatExpCovMPinv" alt="" coords="391,157,551,184">
<area shape="rect" href="$Utils_8c.html#eeb672a71c45ead28b7b354414f2427a" title="nrow" alt="" coords="1129,208,1177,235">
<area shape="rect" href="$IndependenceTest_8c.html#b02275a67ad210d96fed9864590ee3ef" title="C_TeststatPvalue" alt="" coords="409,411,532,437">
<area shape="rect" href="$Classes_8c.html#847e08eb9fce554539de3106ea03e9e2" title="get_teststat" alt="" coords="653,563,744,589">
<area shape="rect" href="$Classes_8c.html#aa5df349ffd6e5faccab211ac972722b" title="get_tol" alt="" coords="669,613,728,640">
<area shape="rect" href="$Utils_8c.html#f1f46cc3e98630497a1ccb21d943fe65" title="ncol" alt="" coords="448,563,493,589">
<area shape="rect" href="$LinearStatistic_8c.html#e2f62abe13ee5b625141b5d4a496d832" title="C_ExpectCovarInfluence" alt="" coords="616,5,781,32">
<area shape="rect" href="$LinearStatistic_8c.html#94a0805ea258af79d426c095feee399a" title="C_ExpectCovarLinearStatistic" alt="" coords="601,56,796,83">
<area shape="rect" href="$LinearStatistic_8c.html#aefa2a9406bb30b323715e3db41da637" title="C_LinearStatistic" alt="" coords="639,107,759,133">
<area shape="rect" href="$Utils_8c.html#12e882779ecd0445c3a0dd9ac85dfeee" title="C_kronecker" alt="" coords="897,56,991,83">
<area shape="rect" href="$Utils_8c.html#c0d5c2fe971923d7a1b1869dffabddb1" title="C_MPinv" alt="" coords="661,157,736,184">
<area shape="rect" href="$Utils_8c.html#4534205c84c2784248b60818d7c2f3d6" title="CR_svd" alt="" coords="911,157,977,184">
<area shape="rect" href="$Utils_8c.html#a8a5e9e33269198241964dab2ed4e591" title="CR_La_svd" alt="" coords="1109,157,1197,184">
<area shape="rect" href="$Convenience_8c.html#a1bfc91db235a3a166a39ed1e0a224d7" title="C_ConditionalPvalue" alt="" coords="628,411,769,437">
<area shape="rect" href="$Convenience_8c.html#26159cd74cebf8ff7073ff588864e9ab" title="C_TestStatistic" alt="" coords="644,461,753,488">
<area shape="rect" href="$Classes_8c.html#4e2233c1c47758c555f99235f60984f0" title="get_abseps" alt="" coords="655,512,743,539">
<area shape="rect" href="$Classes_8c.html#b0fc0f7fb33f87cfa58cb8c617d946a1" title="get_maxpts" alt="" coords="655,259,743,285">
<area shape="rect" href="$Classes_8c.html#309a9064403a71aba540cad646ba5854" title="get_pvalue" alt="" coords="657,309,740,336">
<area shape="rect" href="$Classes_8c.html#a17053ff24db1859af60e2d71baf924c" title="get_releps" alt="" coords="659,360,739,387">
<area shape="rect" href="$Distributions_8c.html#0b0373aa22dcf8b8ecf6b9c560db9c70" title="C_maxabsConditionalPvalue" alt="" coords="851,335,1037,361">
<area shape="rect" href="$Distributions_8c.html#a692392488ab88e95a62d2142e9d428c" title="C_quadformConditionalPvalue" alt="" coords="847,385,1041,412">
<area shape="rect" href="$Classes_8c.html#8bc9164a2291bb7f61c12b79f6bc7c5f" title="get_dimension" alt="" coords="892,436,996,463">
<area shape="rect" href="$mvt_8h.html#2a7ae850a24d2fe1a610ca397d6871c7" title="mvtdst" alt="" coords="1123,335,1184,361">
<area shape="rect" href="$TestStatistic_8c.html#a3a1f48e4bb3aa19d1bac85a53358638" title="C_maxabsTestStatistic" alt="" coords="867,487,1021,513">
<area shape="rect" href="$TestStatistic_8c.html#b45eb88ec3b2cc87e8610771cdcf53c4" title="C_quadformTestStatistic" alt="" coords="863,537,1025,564">
<area shape="rect" href="$TestStatistic_8c.html#6939f019d2c7f42ae824776043a8c704" title="C_absstandardize" alt="" coords="1091,512,1216,539">
<area shape="rect" href="$Utils_8c.html#5b306a6923d1155e6ce877cf6fa12a42" title="C_max" alt="" coords="1123,461,1184,488">
<area shape="rect" href="$Utils_8c.html#a5479e1fef3da77537e06730826379e1" title="C_abs" alt="" coords="1287,487,1345,513">
<area shape="rect" href="$TestStatistic_8c.html#9ecf0700a00ad5fd64601bf718f20439" title="C_standardize" alt="" coords="1264,537,1368,564">
