<area shape="rect" href="$IndependenceTest_8c.html#b02275a67ad210d96fed9864590ee3ef" title="C_TeststatPvalue" alt="" coords="188,282,311,306">
<area shape="rect" href="$Classes_8c.html#309a9064403a71aba540cad646ba5854" title="get_pvalue" alt="" coords="389,426,472,450">
<area shape="rect" href="$Convenience_8c.html#a1bfc91db235a3a166a39ed1e0a224d7" title="C_ConditionalPvalue" alt="" coords="360,66,501,90">
<area shape="rect" href="$Convenience_8c.html#26159cd74cebf8ff7073ff588864e9ab" title="C_TestStatistic" alt="" coords="376,138,485,162">
<area shape="rect" href="$Classes_8c.html#4e2233c1c47758c555f99235f60984f0" title="get_abseps" alt="" coords="387,186,475,210">
<area shape="rect" href="$Classes_8c.html#b0fc0f7fb33f87cfa58cb8c617d946a1" title="get_maxpts" alt="" coords="387,234,475,258">
<area shape="rect" href="$Classes_8c.html#a17053ff24db1859af60e2d71baf924c" title="get_releps" alt="" coords="391,282,471,306">
<area shape="rect" href="$Classes_8c.html#847e08eb9fce554539de3106ea03e9e2" title="get_teststat" alt="" coords="385,330,476,354">
<area shape="rect" href="$Classes_8c.html#aa5df349ffd6e5faccab211ac972722b" title="get_tol" alt="" coords="401,378,460,402">
<area shape="rect" href="$Distributions_8c.html#0b0373aa22dcf8b8ecf6b9c560db9c70" title="C_maxabsConditionalPvalue" alt="" coords="555,6,741,30">
<area shape="rect" href="$Distributions_8c.html#a692392488ab88e95a62d2142e9d428c" title="C_quadformConditionalPvalue" alt="" coords="551,54,745,78">
<area shape="rect" href="$Classes_8c.html#8bc9164a2291bb7f61c12b79f6bc7c5f" title="get_dimension" alt="" coords="596,102,700,126">
<area shape="rect" href="$mvt_8h.html#2a7ae850a24d2fe1a610ca397d6871c7" title="mvtdst" alt="" coords="827,6,888,30">
<area shape="rect" href="$TestStatistic_8c.html#a3a1f48e4bb3aa19d1bac85a53358638" title="C_maxabsTestStatistic" alt="" coords="571,150,725,174">
<area shape="rect" href="$TestStatistic_8c.html#b45eb88ec3b2cc87e8610771cdcf53c4" title="C_quadformTestStatistic" alt="" coords="567,198,729,222">
<area shape="rect" href="$TestStatistic_8c.html#6939f019d2c7f42ae824776043a8c704" title="C_absstandardize" alt="" coords="795,126,920,150">
<area shape="rect" href="$Utils_8c.html#5b306a6923d1155e6ce877cf6fa12a42" title="C_max" alt="" coords="827,174,888,198">
<area shape="rect" href="$Utils_8c.html#a5479e1fef3da77537e06730826379e1" title="C_abs" alt="" coords="991,102,1049,126">
<area shape="rect" href="$TestStatistic_8c.html#9ecf0700a00ad5fd64601bf718f20439" title="C_standardize" alt="" coords="968,150,1072,174">
