<area shape="rect" href="$IndependenceTest_8c.html#e64c8d91a58113cee43788dc1663d645" title="C_IndependenceTest" alt="" coords="207,157,359,184">
<area shape="rect" href="$Convenience_8c.html#8d5dcca68051449e29f3b857d375c4a0" title="C_LinStatExpCov" alt="" coords="429,5,565,32">
<area shape="rect" href="$Convenience_8c.html#f39bdd14f23726fdd6bf74888ffbf920" title="C_LinStatExpCovMPinv" alt="" coords="409,56,585,83">
<area shape="rect" href="$IndependenceTest_8c.html#b02275a67ad210d96fed9864590ee3ef" title="C_TeststatPvalue" alt="" coords="432,107,563,133">
<area shape="rect" href="$Classes_8c.html#847e08eb9fce554539de3106ea03e9e2" title="get_teststat" alt="" coords="448,157,547,184">
<area shape="rect" href="$Classes_8c.html#aa5df349ffd6e5faccab211ac972722b" title="get_tol" alt="" coords="465,208,529,235">
<area shape="rect" href="$Utils_8c.html#f1f46cc3e98630497a1ccb21d943fe65" title="ncol" alt="" coords="475,259,520,285">
<area shape="rect" href="$Utils_8c.html#eeb672a71c45ead28b7b354414f2427a" title="nrow" alt="" coords="471,309,524,336">
