<area shape="rect" href="$Convenience_8c.html#a1bfc91db235a3a166a39ed1e0a224d7" title="C_ConditionalPvalue" alt="" coords="187,5,341,32">
<area shape="rect" href="$Convenience_8c.html#26159cd74cebf8ff7073ff588864e9ab" title="C_TestStatistic" alt="" coords="207,56,321,83">
<area shape="rect" href="$Classes_8c.html#4e2233c1c47758c555f99235f60984f0" title="get_abseps" alt="" coords="217,107,311,133">
<area shape="rect" href="$Classes_8c.html#b0fc0f7fb33f87cfa58cb8c617d946a1" title="get_maxpts" alt="" coords="215,157,313,184">
<area shape="rect" href="$Classes_8c.html#309a9064403a71aba540cad646ba5854" title="get_pvalue" alt="" coords="219,208,309,235">
<area shape="rect" href="$Classes_8c.html#a17053ff24db1859af60e2d71baf924c" title="get_releps" alt="" coords="220,259,308,285">
<area shape="rect" href="$Classes_8c.html#847e08eb9fce554539de3106ea03e9e2" title="get_teststat" alt="" coords="215,309,313,336">
<area shape="rect" href="$Classes_8c.html#aa5df349ffd6e5faccab211ac972722b" title="get_tol" alt="" coords="232,360,296,387">
