<area shape="rect" href="$party_8h.html" title="party.h" alt="" coords="1009,82,1068,106">
<area shape="rect" href="$Classes_8h.html" title="Classes.h" alt="" coords="651,156,731,180">
<area shape="rect" href="$Utils_8h.html" title="Utils.h" alt="" coords="755,156,813,180">
<area shape="rect" href="$mvt_8h.html" title="mvt.h" alt="" coords="837,156,891,180">
<area shape="rect" href="$LinearStatistic_8h.html" title="LinearStatistic.h" alt="" coords="915,156,1029,180">
<area shape="rect" href="$TestStatistic_8h.html" title="TestStatistic.h" alt="" coords="1053,156,1157,180">
<area shape="rect" href="$Distributions_8h.html" title="Distributions.h" alt="" coords="1181,156,1285,180">
<area shape="rect" href="$Convenience_8h.html" title="Convenience.h" alt="" coords="1309,156,1416,180">
<area shape="rect" href="$S3Classes_8h.html" title="S3Classes.h" alt="" coords="1440,156,1536,180">
<area shape="rect" href="$IndependenceTest_8h.html" title="IndependenceTest.h" alt="" coords="1560,156,1699,180">
<area shape="rect" href="$Splits_8h.html" title="Splits.h" alt="" coords="1723,156,1787,180">
<area shape="rect" href="$Node_8h.html" title="Node.h" alt="" coords="1811,156,1872,180">
<area shape="rect" href="$Predict_8h.html" title="Predict.h" alt="" coords="1896,156,1968,180">
<area shape="rect" href="$SurrogateSplits_8h.html" title="SurrogateSplits.h" alt="" coords="1992,156,2112,180">
<area shape="rect" href="$TreeGrow_8h.html" title="TreeGrow.h" alt="" coords="2136,156,2221,180">
