<area shape="rect" href="$Classes_8h.html" title="Classes.h" alt="" coords="685,84,768,111">
<area shape="rect" href="$Utils_8h.html" title="Utils.h" alt="" coords="792,84,853,111">
<area shape="rect" href="$mvt_8h.html" title="mvt.h" alt="" coords="877,84,936,111">
<area shape="rect" href="$LinearStatistic_8h.html" title="LinearStatistic.h" alt="" coords="960,84,1085,111">
<area shape="rect" href="$TestStatistic_8h.html" title="TestStatistic.h" alt="" coords="1109,84,1219,111">
<area shape="rect" href="$Distributions_8h.html" title="Distributions.h" alt="" coords="1243,84,1355,111">
<area shape="rect" href="$Convenience_8h.html" title="Convenience.h" alt="" coords="1379,84,1496,111">
<area shape="rect" href="$S3Classes_8h.html" title="S3Classes.h" alt="" coords="1520,84,1619,111">
<area shape="rect" href="$IndependenceTest_8h.html" title="IndependenceTest.h" alt="" coords="1643,84,1789,111">
<area shape="rect" href="$Splits_8h.html" title="Splits.h" alt="" coords="1813,84,1880,111">
<area shape="rect" href="$Node_8h.html" title="Node.h" alt="" coords="1904,84,1971,111">
<area shape="rect" href="$Predict_8h.html" title="Predict.h" alt="" coords="1995,84,2072,111">
<area shape="rect" href="$SurrogateSplits_8h.html" title="SurrogateSplits.h" alt="" coords="2096,84,2229,111">
<area shape="rect" href="$TreeGrow_8h.html" title="TreeGrow.h" alt="" coords="2253,84,2347,111">
