<area shape="rect" href="$Classes_8h.html" title="Classes.h" alt="" coords="651,81,731,105">
<area shape="rect" href="$Utils_8h.html" title="Utils.h" alt="" coords="755,81,813,105">
<area shape="rect" href="$mvt_8h.html" title="mvt.h" alt="" coords="837,81,891,105">
<area shape="rect" href="$LinearStatistic_8h.html" title="LinearStatistic.h" alt="" coords="915,81,1029,105">
<area shape="rect" href="$TestStatistic_8h.html" title="TestStatistic.h" alt="" coords="1053,81,1157,105">
<area shape="rect" href="$Distributions_8h.html" title="Distributions.h" alt="" coords="1181,81,1285,105">
<area shape="rect" href="$Convenience_8h.html" title="Convenience.h" alt="" coords="1309,81,1416,105">
<area shape="rect" href="$S3Classes_8h.html" title="S3Classes.h" alt="" coords="1440,81,1536,105">
<area shape="rect" href="$IndependenceTest_8h.html" title="IndependenceTest.h" alt="" coords="1560,81,1699,105">
<area shape="rect" href="$Splits_8h.html" title="Splits.h" alt="" coords="1723,81,1787,105">
<area shape="rect" href="$Node_8h.html" title="Node.h" alt="" coords="1811,81,1872,105">
<area shape="rect" href="$Predict_8h.html" title="Predict.h" alt="" coords="1896,81,1968,105">
<area shape="rect" href="$SurrogateSplits_8h.html" title="SurrogateSplits.h" alt="" coords="1992,81,2112,105">
<area shape="rect" href="$TreeGrow_8h.html" title="TreeGrow.h" alt="" coords="2136,81,2221,105">
