<area shape="rect" href="$Convenience_8c.html#8d5dcca68051449e29f3b857d375c4a0" title="C_LinStatExpCov" alt="" coords="180,81,303,108">
<area shape="rect" href="$Splits_8c.html#1b9f04a865d61c1c9757ba77bff49ab7" title="C_splitcategorical" alt="" coords="180,208,303,235">
<area shape="rect" href="$Classes_8c.html#aa5df349ffd6e5faccab211ac972722b" title="get_tol" alt="" coords="621,208,680,235">
<area shape="rect" href="$TestStatistic_8c.html#9ecf0700a00ad5fd64601bf718f20439" title="C_standardize" alt="" coords="189,309,293,336">
<area shape="rect" href="$Classes_8c.html#8bc9164a2291bb7f61c12b79f6bc7c5f" title="get_dimension" alt="" coords="189,360,293,387">
<area shape="rect" href="$Utils_8c.html#f1f46cc3e98630497a1ccb21d943fe65" title="ncol" alt="" coords="219,411,264,437">
<area shape="rect" href="$Utils_8c.html#eeb672a71c45ead28b7b354414f2427a" title="nrow" alt="" coords="217,461,265,488">
<area shape="rect" href="$LinearStatistic_8c.html#e2f62abe13ee5b625141b5d4a496d832" title="C_ExpectCovarInfluence" alt="" coords="368,5,533,32">
<area shape="rect" href="$LinearStatistic_8c.html#94a0805ea258af79d426c095feee399a" title="C_ExpectCovarLinearStatistic" alt="" coords="353,56,548,83">
<area shape="rect" href="$LinearStatistic_8c.html#aefa2a9406bb30b323715e3db41da637" title="C_LinearStatistic" alt="" coords="391,107,511,133">
<area shape="rect" href="$Utils_8c.html#12e882779ecd0445c3a0dd9ac85dfeee" title="C_kronecker" alt="" coords="604,56,697,83">
<area shape="rect" href="$Splits_8c.html#00d4080fae6513962bd1e54ec9d476bc" title="C_split" alt="" coords="420,157,481,184">
<area shape="rect" href="$Classes_8c.html#0794d3cb26a60105140165d6dea3d70d" title="get_minbucket" alt="" coords="597,107,704,133">
<area shape="rect" href="$Classes_8c.html#f7aaeccefe1bfbb1737ac3403a85c8e9" title="get_minprob" alt="" coords="605,157,696,184">
