<area shape="rect" href="$party_8h.html" title="party.h" alt="" coords="820,80,879,107">
<area shape="rect" href="$Classes_8c.html" title="Classes.c" alt="" coords="5,155,85,181">
<area shape="rect" href="$Convenience_8c.html" title="Convenience.c" alt="" coords="109,155,216,181">
<area shape="rect" href="$Distributions_8c.html" title="Distributions.c" alt="" coords="240,155,344,181">
<area shape="rect" href="$IndependenceTest_8c.html" title="IndependenceTest.c" alt="" coords="368,155,507,181">
<area shape="rect" href="$LinearStatistic_8c.html" title="LinearStatistic.c" alt="" coords="531,155,645,181">
<area shape="rect" href="$Node_8c.html" title="Node.c" alt="" coords="669,155,731,181">
<area shape="rect" href="$Predict_8c.html" title="Predict.c" alt="" coords="755,155,827,181">
<area shape="rect" href="$RandomForest_8c.html" title="RandomForest.c" alt="" coords="851,155,968,181">
<area shape="rect" href="$S3Classes_8c.html" title="S3Classes.c" alt="" coords="992,155,1088,181">
<area shape="rect" href="$Splits_8c.html" title="Splits.c" alt="" coords="1112,155,1176,181">
<area shape="rect" href="$SurrogateSplits_8c.html" title="SurrogateSplits.c" alt="" coords="1200,155,1320,181">
<area shape="rect" href="$TestStatistic_8c.html" title="TestStatistic.c" alt="" coords="1344,155,1448,181">
<area shape="rect" href="$TreeGrow_8c.html" title="TreeGrow.c" alt="" coords="1472,155,1557,181">
<area shape="rect" href="$Utils_8c.html" title="Utils.c" alt="" coords="1581,155,1640,181">
