<area shape="rect" href="$party_8h.html" title="party.h" alt="" coords="1060,84,1127,111">
<area shape="rect" href="$Classes_8h.html" title="Classes.h" alt="" coords="685,161,768,188">
<area shape="rect" href="$Utils_8h.html" title="Utils.h" alt="" coords="792,161,853,188">
<area shape="rect" href="$mvt_8h.html" title="mvt.h" alt="" coords="877,161,936,188">
<area shape="rect" href="$LinearStatistic_8h.html" title="LinearStatistic.h" alt="" coords="960,161,1085,188">
<area shape="rect" href="$TestStatistic_8h.html" title="TestStatistic.h" alt="" coords="1109,161,1219,188">
<area shape="rect" href="$Distributions_8h.html" title="Distributions.h" alt="" coords="1243,161,1355,188">
<area shape="rect" href="$Convenience_8h.html" title="Convenience.h" alt="" coords="1379,161,1496,188">
<area shape="rect" href="$S3Classes_8h.html" title="S3Classes.h" alt="" coords="1520,161,1619,188">
<area shape="rect" href="$IndependenceTest_8h.html" title="IndependenceTest.h" alt="" coords="1643,161,1789,188">
<area shape="rect" href="$Splits_8h.html" title="Splits.h" alt="" coords="1813,161,1880,188">
<area shape="rect" href="$Node_8h.html" title="Node.h" alt="" coords="1904,161,1971,188">
<area shape="rect" href="$Predict_8h.html" title="Predict.h" alt="" coords="1995,161,2072,188">
<area shape="rect" href="$SurrogateSplits_8h.html" title="SurrogateSplits.h" alt="" coords="2096,161,2229,188">
<area shape="rect" href="$TreeGrow_8h.html" title="TreeGrow.h" alt="" coords="2253,161,2347,188">
